---
source: crates/provider-tests/tests/provider_harness.rs
assertion_line: 878
expression: value
---
{
  "event": {
    "id": "<FIXED>",
    "inputs": [
      {
        "id": "<FIXED>",
        "placeholder": "Name"
      },
      {
        "choices": [
          "a",
          "b"
        ],
        "id": "<FIXED>"
      },
      {
        "id": "<FIXED>",
        "title": "Opt in"
      }
    ],
    "provider": "webex",
    "text": "adaptivecard inputs message from webex",
    "timestamp": "<FIXED>",
    "type": "adaptivecard",
    "variant": "inputs"
  },
  "ok": true
}
