---
source: crates/provider-tests/tests/provider_harness.rs
assertion_line: 878
expression: value
---
{
  "event": {
    "columns": [
      [
        "left",
        "right"
      ],
      [
        "top",
        "bottom"
      ]
    ],
    "id": "<FIXED>",
    "provider": "webchat",
    "text": "adaptivecard columns message from webchat",
    "timestamp": "<FIXED>",
    "type": "adaptivecard",
    "variant": "columns"
  },
  "ok": true
}
