---
source: crates/provider-tests/tests/provider_harness.rs
expression: value
---
{
  "event": {
    "channel": "whatsapp",
    "id": "<FIXED>",
    "metadata": {
      "channel_id": "whatsapp",
      "phone_number_id": "unknown",
      "universal": "true"
    },
    "session_id": "whatsapp",
    "tenant": {
      "attempt": 0,
      "env": "default",
      "tenant": "default",
      "tenant_id": "default"
    },
    "text": "attachment message from whatsapp"
  },
  "ok": true
}
