---
source: crates/provider-tests/tests/provider_harness.rs
assertion_line: 878
expression: value
---
{
  "event": {
    "channel": "whatsapp-channel",
    "id": "<FIXED>",
    "provider": "whatsapp",
    "reply_to": "whatsapp-msg-1",
    "text": "reply thread message from whatsapp",
    "thread_id": "whatsapp-thread-1",
    "timestamp": "<FIXED>",
    "type": "message"
  },
  "ok": true
}
