---
source: crates/provider-tests/tests/provider_harness.rs
assertion_line: 878
expression: value
---
{
  "event": {
    "attachments": [
      {
        "kind": "image",
        "url": "https://example.invalid/image.png"
      },
      {
        "kind": "file",
        "name": "notes.txt"
      }
    ],
    "id": "<FIXED>",
    "provider": "webex",
    "text": "attachment message from webex",
    "timestamp": "<FIXED>",
    "type": "message"
  },
  "ok": true
}
