---
source: crates/provider-tests/tests/provider_harness.rs
expression: value
---
{
  "event": {
    "channel": "teams",
    "id": "<FIXED>",
    "metadata": {
      "activityId": "teams-reply_thread-id",
      "reply_to_id": "teams-reply_thread-id",
      "universal": "true"
    },
    "session_id": "teams",
    "tenant": {
      "attempt": 0,
      "env": "default",
      "tenant": "default",
      "tenant_id": "default"
    },
    "text": "reply thread message from teams"
  },
  "ok": true
}
