---
source: crates/provider-tests/tests/provider_harness.rs
assertion_line: 878
expression: value
---
{
  "event": {
    "id": "<FIXED>",
    "notes": [
      "unicode-safe",
      "no emoji"
    ],
    "provider": "whatsapp",
    "text": "Long text with markdown **bold** and newlines\nsecond line",
    "timestamp": "<FIXED>",
    "type": "adaptivecard",
    "variant": "edge"
  },
  "ok": true
}
