---
source: crates/provider-tests/tests/provider_harness.rs
assertion_line: 878
expression: value
---
{
  "event": {
    "channel": "teams-channel",
    "id": "<FIXED>",
    "provider": "teams",
    "text": "simple text message from teams",
    "timestamp": "<FIXED>",
    "type": "message"
  },
  "ok": true
}
